******************************************************************************
                  TI ARM Linker PC v20.2.7                     
******************************************************************************
>> Linked Wed Aug  2 12:27:27 2023

OUTPUT FILE NAME:   <uart-payload-test.out>
ENTRY POINT SYMBOL: "_c_int00_noargs"  address: 00000ad5


MEMORY CONFIGURATION

         name            origin    length      used     unused   attr    fill
----------------------  --------  ---------  --------  --------  ----  --------
  FLASH                 00000000   00040000  00000dde  0003f222  R  X
  SRAM                  20000000   00008000  00000a00  00007600  RW X


SEGMENT ALLOCATION MAP

run origin  load origin   length   init length attrs members
----------  ----------- ---------- ----------- ----- -------
00000000    00000000    00000de4   00000de4    r-x
  00000000    00000000    0000026c   0000026c    r-- .intvecs
  0000026c    0000026c    0000095e   0000095e    r-x .text
  00000bcc    00000bcc    00000200   00000200    r-- .const
  00000dd0    00000dd0    00000014   00000014    r-- .cinit
20000000    20000000    00000a00   00000000    rw-
  20000000    20000000    00000800   00000000    rw- .bss
  20000800    20000800    00000200   00000000    rw- .stack


SECTION ALLOCATION MAP

 output                                  attributes/
section   page    origin      length       input sections
--------  ----  ----------  ----------   ----------------
.intvecs   0    00000000    0000026c     
                  00000000    0000026c     tm4c123gh6pm_startup_ccs.obj (.intvecs)

.text      0    0000026c    0000095e     
                  0000026c    00000360     main.obj (.text)
                  000005cc    00000132     driverlib.lib : gpio.obj (.text:GPIOPadConfigSet)
                  000006fe    00000002     --HOLE-- [fill = 0]
                  00000700    00000110                   : sysctl.obj (.text:SysCtlClockGet)
                  00000810    000000f4                   : sysctl.obj (.text:SysCtlClockSet)
                  00000904    0000007a     rtsv7M4_T_le_v4SPD16_eabi.lib : memset_t2.asm.obj (.text)
                  0000097e    00000002     --HOLE-- [fill = 0]
                  00000980    0000004c                                   : atoi.c.obj (.text:atoi)
                  000009cc    00000048     driverlib.lib : gpio.obj (.text:GPIOPinConfigure)
                  00000a14    00000046                   : uart.obj (.text:UARTConfigSetExpClk)
                  00000a5a    00000002     --HOLE-- [fill = 0]
                  00000a5c    00000044     rtsv7M4_T_le_v4SPD16_eabi.lib : autoinit.c.obj (.text:__TI_auto_init_nobinit_nopinit:__TI_auto_init_nobinit_nopinit)
                  00000aa0    00000034     driverlib.lib : sysctl.obj (.text:SysCtlPeripheralEnable)
                  00000ad4    00000034     rtsv7M4_T_le_v4SPD16_eabi.lib : boot_cortex_m.c.obj (.text:_c_int00_noargs:_c_int00_noargs)
                  00000b08    0000002a     driverlib.lib : gpio.obj (.text:GPIODirModeSet)
                  00000b32    00000002     --HOLE-- [fill = 0]
                  00000b34    00000020                   : uart.obj (.text:UARTDisable)
                  00000b54    00000014                   : uart.obj (.text:UARTEnable)
                  00000b68    00000012                   : gpio.obj (.text:GPIOPinTypeGPIOInput)
                  00000b7a    00000012                   : gpio.obj (.text:GPIOPinTypeUART)
                  00000b8c    0000000c     rtsv7M4_T_le_v4SPD16_eabi.lib : copy_zero_init.c.obj (.text:decompress:ZI:__TI_zero_init)
                  00000b98    0000000c     tm4c123gh6pm_startup_ccs.obj (.text)
                  00000ba4    0000000a     driverlib.lib : uart.obj (.text:UARTCharGet)
                  00000bae    0000000a                   : uart.obj (.text:UARTCharPut)
                  00000bb8    00000006                   : sysctl.obj (.text:SysCtlDelay)
                  00000bbe    00000004                   : uart.obj (.text:UARTIntClear)
                  00000bc2    00000004     rtsv7M4_T_le_v4SPD16_eabi.lib : pre_init.c.obj (.text:_system_pre_init)
                  00000bc6    00000004                                   : exit.c.obj (.text:abort:abort)

.const     0    00000bcc    00000200     
                  00000bcc    00000101     rtsv7M4_T_le_v4SPD16_eabi.lib : ctype.c.obj (.const:.string:_ctypes_)
                  00000ccd    00000003     --HOLE-- [fill = 0]
                  00000cd0    00000090     driverlib.lib : gpio.obj (.const:g_pui32GPIOBaseAddrs)
                  00000d60    0000006c                   : sysctl.obj (.const:g_pui32Xtals)

.cinit     0    00000dd0    00000014     
                  00000dd0    00000008     (.cinit..bss.load) [load image, compression = zero_init]
                  00000dd8    00000004     (__TI_handler_table)
                  00000ddc    00000008     (__TI_cinit_table)

.init_array 
*          0    00000000    00000000     UNINITIALIZED

.bss       0    20000000    00000800     UNINITIALIZED
                  20000000    00000800     main.obj (.bss:transaction_buf)

.stack     0    20000800    00000200     UNINITIALIZED
                  20000800    00000004     rtsv7M4_T_le_v4SPD16_eabi.lib : boot_cortex_m.c.obj (.stack)
                  20000804    000001fc     --HOLE--

__llvm_prf_cnts 
*          0    20000000    00000000     UNINITIALIZED

MODULE SUMMARY

       Module                         code   ro data   rw data
       ------                         ----   -------   -------
    .\
       main.obj                       864    0         2048   
       tm4c123gh6pm_startup_ccs.obj   12     620       0      
    +--+------------------------------+------+---------+---------+
       Total:                         876    620       2048   
                                                              
    C:/ti/tivaware_c_series_2_1_4_178/driverlib/ccs/Debug/driverlib.lib
       sysctl.obj                     574    108       0      
       gpio.obj                       456    144       0      
       uart.obj                       146    0         0      
    +--+------------------------------+------+---------+---------+
       Total:                         1176   252       0      
                                                              
    C:\ti\ccs1210\ccs\tools\compiler\ti-cgt-arm_20.2.7.LTS\lib\rtsv7M4_T_le_v4SPD16_eabi.lib
       ctype.c.obj                    0      257       0      
       memset_t2.asm.obj              122    0         0      
       atoi.c.obj                     76     0         0      
       autoinit.c.obj                 68     0         0      
       boot_cortex_m.c.obj            52     0         0      
       copy_zero_init.c.obj           12     0         0      
       exit.c.obj                     4      0         0      
       pre_init.c.obj                 4      0         0      
    +--+------------------------------+------+---------+---------+
       Total:                         338    257       0      
                                                              
       Stack:                         0      0         512    
       Linker Generated:              0      20        0      
    +--+------------------------------+------+---------+---------+
       Grand Total:                   2390   1149      2560   


LINKER GENERATED COPY TABLES

__TI_cinit_table @ 00000ddc records: 1, size/record: 8, table size: 8
	.bss: load addr=00000dd0, load size=00000008 bytes, run addr=20000000, run size=00000800 bytes, compression=zero_init


LINKER GENERATED HANDLER TABLE

__TI_handler_table @ 00000dd8 records: 1, size/record: 4, table size: 4
	index: 0, handler: __TI_zero_init


GLOBAL SYMBOLS: SORTED ALPHABETICALLY BY Name 

address   name                          
-------   ----                          
00000bc7  C$$EXIT                       
00000b09  GPIODirModeSet                
000005cd  GPIOPadConfigSet              
000009cd  GPIOPinConfigure              
00000b69  GPIOPinTypeGPIOInput          
00000b7b  GPIOPinTypeUART               
00000b99  ResetISR                      
00000701  SysCtlClockGet                
00000811  SysCtlClockSet                
00000bb9  SysCtlDelay                   
00000aa1  SysCtlPeripheralEnable        
00000ba5  UARTCharGet                   
00000baf  UARTCharPut                   
00000a15  UARTConfigSetExpClk           
00000b35  UARTDisable                   
00000b55  UARTEnable                    
00000bbf  UARTIntClear                  
0000035f  UART_Handler                  
20000a00  __STACK_END                   
00000200  __STACK_SIZE                  
20000a00  __STACK_TOP                   
00000ddc  __TI_CINIT_Base               
00000de4  __TI_CINIT_Limit              
00000dd8  __TI_Handler_Table_Base       
00000ddc  __TI_Handler_Table_Limit      
00000a5d  __TI_auto_init_nobinit_nopinit
ffffffff  __TI_pprof_out_hndl           
ffffffff  __TI_prof_data_size           
ffffffff  __TI_prof_data_start          
00000000  __TI_static_base__            
00000b8d  __TI_zero_init                
00000905  __aeabi_memclr                
00000905  __aeabi_memclr4               
00000905  __aeabi_memclr8               
00000907  __aeabi_memset                
00000907  __aeabi_memset4               
00000907  __aeabi_memset8               
ffffffff  __binit__                     
ffffffff  __c_args__                    
UNDEFED   __mpu_init                    
20000800  __stack                       
20000000  __start___llvm_prf_cnts       
20000000  __stop___llvm_prf_cnts        
00000ad5  _c_int00_noargs               
00000bcc  _ctypes_                      
UNDEFED   _system_post_cinit            
00000bc3  _system_pre_init              
00000bc7  abort                         
00000981  atoi                          
ffffffff  binit                         
00000000  g_pfnVectors                  
0000026d  main                          
0000090d  memset                        


GLOBAL SYMBOLS: SORTED BY Symbol Address 

address   name                          
-------   ----                          
00000000  __TI_static_base__            
00000000  g_pfnVectors                  
00000200  __STACK_SIZE                  
0000026d  main                          
0000035f  UART_Handler                  
000005cd  GPIOPadConfigSet              
00000701  SysCtlClockGet                
00000811  SysCtlClockSet                
00000905  __aeabi_memclr                
00000905  __aeabi_memclr4               
00000905  __aeabi_memclr8               
00000907  __aeabi_memset                
00000907  __aeabi_memset4               
00000907  __aeabi_memset8               
0000090d  memset                        
00000981  atoi                          
000009cd  GPIOPinConfigure              
00000a15  UARTConfigSetExpClk           
00000a5d  __TI_auto_init_nobinit_nopinit
00000aa1  SysCtlPeripheralEnable        
00000ad5  _c_int00_noargs               
00000b09  GPIODirModeSet                
00000b35  UARTDisable                   
00000b55  UARTEnable                    
00000b69  GPIOPinTypeGPIOInput          
00000b7b  GPIOPinTypeUART               
00000b8d  __TI_zero_init                
00000b99  ResetISR                      
00000ba5  UARTCharGet                   
00000baf  UARTCharPut                   
00000bb9  SysCtlDelay                   
00000bbf  UARTIntClear                  
00000bc3  _system_pre_init              
00000bc7  C$$EXIT                       
00000bc7  abort                         
00000bcc  _ctypes_                      
00000dd8  __TI_Handler_Table_Base       
00000ddc  __TI_CINIT_Base               
00000ddc  __TI_Handler_Table_Limit      
00000de4  __TI_CINIT_Limit              
20000000  __start___llvm_prf_cnts       
20000000  __stop___llvm_prf_cnts        
20000800  __stack                       
20000a00  __STACK_END                   
20000a00  __STACK_TOP                   
ffffffff  __TI_pprof_out_hndl           
ffffffff  __TI_prof_data_size           
ffffffff  __TI_prof_data_start          
ffffffff  __binit__                     
ffffffff  __c_args__                    
ffffffff  binit                         
UNDEFED   __mpu_init                    
UNDEFED   _system_post_cinit            

[53 symbols]
